// Jest Snapshot v1, https://goo.gl/fbAQLP

exports[`renders education section 1`] = `
<div
  className="StyledBox-sc-13pk1d4-0 dZFMXT"
  style={
    Object {
      "zIndex": "99",
    }
  }
>
  <div
    className="StyledBox-sc-13pk1d4-0 ccfOkW"
    style={
      Object {
        "zIndex": "100",
      }
    }
  >
    <h1
      className="StyledHeading-sc-1rdh4aw-0 jVpYfH"
    >
       Education 
    </h1>
  </div>
  <div
    className="StyledGrommet-sc-19lkkz7-0 lkVXQD"
  >
    <div
      className="StyledBox-sc-13pk1d4-0 ccfOkW"
      style={
        Object {
          "zIndex": "100",
        }
      }
    >
      <table
        className="StyledDataTable-xrlyjm-0 kTrXKK"
      >
        <thead
          className="StyledDataTable__StyledDataTableHeader-xrlyjm-3 bAIczD StyledTable__StyledTableHeader-sc-1m3u5g-4 dHaGyd"
        >
          <tr
            className="StyledDataTable__StyledDataTableRow-xrlyjm-1 ezpFws StyledTable__StyledTableRow-sc-1m3u5g-2 kXgizX"
          >
            <th
              className="StyledTable__StyledTableCell-sc-1m3u5g-0 hNAgVv"
              scope="col"
            >
              <div
                className="StyledBox-sc-13pk1d4-0 kPycKq"
              >
                <span
                  className="StyledText-sc-1sadyjn-0 fWSbXS"
                >
                   University 
                </span>
              </div>
            </th>
            <th
              className="StyledTable__StyledTableCell-sc-1m3u5g-0 hNAgVv"
              scope="col"
            >
              <div
                className="StyledBox-sc-13pk1d4-0 kPycKq"
              >
                <span
                  className="StyledText-sc-1sadyjn-0 fWSbXS"
                >
                  Department
                </span>
              </div>
            </th>
            <th
              className="StyledTable__StyledTableCell-sc-1m3u5g-0 hNAgVv"
              scope="col"
            >
              <div
                className="StyledBox-sc-13pk1d4-0 kPycKq"
              >
                <span
                  className="StyledText-sc-1sadyjn-0 fWSbXS"
                >
                  Degree
                </span>
              </div>
            </th>
            <th
              className="StyledTable__StyledTableCell-sc-1m3u5g-0 hNAgVv"
              scope="col"
            >
              <div
                className="StyledBox-sc-13pk1d4-0 kPycKq"
              >
                <span
                  className="StyledText-sc-1sadyjn-0 fWSbXS"
                >
                  Start
                </span>
              </div>
            </th>
            <th
              className="StyledTable__StyledTableCell-sc-1m3u5g-0 hNAgVv"
              scope="col"
            >
              <div
                className="StyledBox-sc-13pk1d4-0 kPycKq"
              >
                <span
                  className="StyledText-sc-1sadyjn-0 fWSbXS"
                >
                  End
                </span>
              </div>
            </th>
            <th
              className="StyledTable__StyledTableCell-sc-1m3u5g-0 hNAgVv"
              scope="col"
            >
              <div
                className="StyledBox-sc-13pk1d4-0 kPycKq"
              >
                <span
                  className="StyledText-sc-1sadyjn-0 fWSbXS"
                >
                  GPA
                </span>
              </div>
            </th>
            <th
              className="StyledTable__StyledTableCell-sc-1m3u5g-0 hNAgVv"
              scope="col"
            >
              <div
                className="StyledBox-sc-13pk1d4-0 kPycKq"
              >
                <span
                  className="StyledText-sc-1sadyjn-0 fWSbXS"
                >
                  Courses
                </span>
              </div>
            </th>
          </tr>
        </thead>
        <tbody
          className="StyledDataTable__StyledDataTableBody-xrlyjm-2 hbZQKY"
        >
          <tr
            className="StyledDataTable__StyledDataTableRow-xrlyjm-1 ezpFws"
          >
            <th
              className="StyledTable__StyledTableCell-sc-1m3u5g-0 ezepRo"
              scope="row"
            >
              <div
                className="StyledBox-sc-13pk1d4-0 eAAZJM"
              >
                <span
                  className="StyledText-sc-1sadyjn-0 dndifk"
                >
                  University
                </span>
              </div>
            </th>
            <td
              className="StyledTable__StyledTableCell-sc-1m3u5g-0 ezepRo"
            >
              <div
                className="StyledBox-sc-13pk1d4-0 eAAZJM"
              >
                <span
                  className="StyledText-sc-1sadyjn-0 fWSbXS"
                >
                  Software Development
                </span>
              </div>
            </td>
            <td
              className="StyledTable__StyledTableCell-sc-1m3u5g-0 ezepRo"
            >
              <div
                className="StyledBox-sc-13pk1d4-0 eAAZJM"
              >
                <span
                  className="StyledText-sc-1sadyjn-0 fWSbXS"
                >
                  Bachelor
                </span>
              </div>
            </td>
            <td
              className="StyledTable__StyledTableCell-sc-1m3u5g-0 ezepRo"
            >
              <div
                className="StyledBox-sc-13pk1d4-0 eAAZJM"
              >
                <span
                  className="StyledText-sc-1sadyjn-0 fWSbXS"
                >
                  2011-01-01
                </span>
              </div>
            </td>
            <td
              className="StyledTable__StyledTableCell-sc-1m3u5g-0 ezepRo"
            >
              <div
                className="StyledBox-sc-13pk1d4-0 eAAZJM"
              >
                <span
                  className="StyledText-sc-1sadyjn-0 fWSbXS"
                >
                  2013-01-01
                </span>
              </div>
            </td>
            <td
              className="StyledTable__StyledTableCell-sc-1m3u5g-0 ezepRo"
            >
              <div
                className="StyledBox-sc-13pk1d4-0 eAAZJM"
              >
                <span
                  className="StyledText-sc-1sadyjn-0 fWSbXS"
                >
                  4.0
                </span>
              </div>
            </td>
            <td
              className="StyledTable__StyledTableCell-sc-1m3u5g-0 ezepRo"
            >
              <div
                className="StyledBox-sc-13pk1d4-0 eAAZJM"
              >
                <span
                  className="StyledText-sc-1sadyjn-0 fWSbXS"
                >
                  DB1101 - Basic SQL
                </span>
              </div>
            </td>
          </tr>
        </tbody>
      </table>
    </div>
  </div>
</div>
`;
