// Jest Snapshot v1, https://goo.gl/fbAQLP

exports[`renders header 1`] = `
<div
  className="StyledBox-sc-13pk1d4-0 fEwhex"
>
  <div
    className="StyledBox-sc-13pk1d4-0 ffeAql"
  >
    <button
      className="StyledButton-sc-323bzc-0 dcpWVY"
      onBlur={[Function]}
      onFocus={[Function]}
      type="button"
    >
      <svg
        aria-label="Menu"
        className="StyledIcon-ofa7kd-0 liAzLb"
        height="24px"
        role="img"
        version="1.1"
        viewBox="0 0 24 24"
        width="24px"
      >
        <path
          d="M2,19 L22,19 M2,5 L22,5 M2,12 L22,12"
          fill="none"
          stroke="#000"
          strokeWidth="2"
        />
      </svg>
    </button>
    <h3
      className="StyledHeading-sc-1rdh4aw-0 gRvHvF"
    >
      Resume Builder
    </h3>
  </div>
  <div
    className="StyledBox-sc-13pk1d4-0 ffeAql"
  >
    <button
      className="StyledButton-sc-323bzc-0 hCxsCJ"
      disabled={true}
      onBlur={[Function]}
      onClick={[Function]}
      onFocus={[Function]}
      type="button"
    >
      <svg
        aria-label="Expand"
        className="StyledIcon-ofa7kd-0 liAzLb"
        height="24px"
        role="img"
        version="1.1"
        viewBox="0 0 24 24"
        width="24px"
      >
        <path
          d="M10,14 L2,22 M1,15 L1,23 L9,23 M22,2 L14,10 M15,1 L23,1 L23,9"
          fill="none"
          stroke="#000"
          strokeWidth="2"
        />
      </svg>
    </button>
    <button
      className="StyledButton-sc-323bzc-0 dcpWVY"
      onBlur={[Function]}
      onFocus={[Function]}
      type="button"
    >
      <svg
        aria-label="Download"
        className="StyledIcon-ofa7kd-0 liAzLb"
        height="24px"
        role="img"
        version="1.1"
        viewBox="0 0 24 24"
        width="24px"
      >
        <path
          d="M1,17 L1,23 L23,23 L23,17 M12,2 L12,19 M5,12 L12,19 L19,12"
          fill="none"
          stroke="#000"
          strokeWidth="2"
        />
      </svg>
    </button>
  </div>
</div>
`;
